// Jest Snapshot v1, https://goo.gl/fbAQLP

exports[`should render ExpenseListItem with an expense 1`] = `
<div>
  <h3>
    <Link
      replace={false}
      to="/edit/1"
    >
      abc
    </Link>
  </h3>
  <p>
    US$Â 10.00
     (
    Saturday, Dec 31, 2016
    )
  </p>
  <withRouter(theButton)
    path="/edit/1"
    title="Edit"
  />
</div>
`;
