// Jest Snapshot v1, https://goo.gl/fbAQLP

exports[`should render NotFoundPage 1`] = `
<div>
  <h2>
    Four Oh Four!?
  </h2>
</div>
`;
